error: incorrect usage of `#[kint::preempt_count]`
 --> $DIR/annotation.rs:6:23
  |
6 | #[klint::preempt_count()]
  |                       ^^
  |
  = help: at least one of `adjust` or `expect` property must be specified
  = note: `#[forbid(klint::incorrect_attribute)]` on by default

error: incorrect usage of `#[kint::preempt_count]`
 --> $DIR/annotation.rs:9:33
  |
9 | #[klint::preempt_count(adjust = )]
  |                                 ^
  |
  = help: an integer expected

error: incorrect usage of `#[kint::preempt_count]`
 --> $DIR/annotation.rs:3:1
  |
3 | #[klint::preempt_count]
  | ^^^^^^^^^^^^^^^^^^^^^^^
  |
  = help: correct usage looks like `#[kint::preempt_count(...)]`

error: incorrect usage of `#[kint::preempt_count]`
  --> $DIR/annotation.rs:12:33
   |
12 | #[klint::preempt_count(expect = )]
   |                                 ^
   |
   = help: a range expected

error: incorrect usage of `#[kint::preempt_count]`
  --> $DIR/annotation.rs:18:23
   |
18 | #[klint::preempt_count(unchecked)]
   |                       ^^^^^^^^^^^
   |
   = help: at least one of `adjust` or `expect` property must be specified

error: aborting due to 5 previous errors

