error: this function is recursive but preemption count expectation is not 0..
  --> $DIR/recursion.rs:16:1
   |
16 | fn recursive_might_sleep_unannotated() {
   | ^^^^^^^^^^^^^^^^^^^^^^^^^^^^^^^^^^^^^^
   |
   = note: expectation is inferred to be 0
   = help: try annotate the function with `#[klint::preempt_count(expect = 0)]`

error: aborting due to previous error

