WARN klint::ctxt no klint metadata found for crate core
